Ran 3 tests for test/foundry/P21_PodErc20StateMachine.t.sol:PodErc20StateMachineTest
[PASS] test_M3_selfTransferCallbackSkipsRecipientLeg() (gas: 327427)
[PASS] test_P21_invalidateCreatesSilentDivergence() (gas: 259051)
[PASS] test_statusMonotoneOnSuccess() (gas: 381336)
Suite result: ok. 3 passed; 0 failed; 0 skipped; finished in 1.93ms (909.19µs CPU time)
Ran 2 tests for test/foundry/P22_PortalRebasingReleaseSwallow.t.sol:PortalRebasing
[PASS] test_rebaseDown_bricksDepositRefund() (gas: 672697)
[PASS] test_rebaseDown_releaseSwallowedAsSuccess_P22() (gas: 1106311)
Suite result: ok. 2 passed; 0 failed; 0 skipped; finished in 3.85ms (2.29ms CPU time)
Ran 11 tests for test/foundry/F1_PreRegistrationDepositWindow.t.sol:PortalPreRegistrationWindow
[PASS] test_Part1_contrast_existingPTokenPathStartsPaused() (gas: 376794)
[PASS] test_Part1_freshPortalAcceptsDepositsBeforeMint() (gas: 650156)
[PASS] test_Part2_mintSticksPending() (gas: 677397)
[PASS] test_Part3_permissionlessRetryRecoversAfterRegistration() (gas: 1174397)
[PASS] test_Part3_ttlBranchTerminalisesAfterMaxMessageLife() (gas: 785811)
[PASS] test_Part4_deadEnd_cannotReissueRegistration() (gas: 402327)
[PASS] test_Part4_escapeHatch_newFactoryCanRegister() (gas: 12872331)
[PASS] test_Part5_recovery_adminRefundReturnsCollateralToUser() (gas: 667807)
[PASS] test_Part5_recovery_ttlThenPermissionlessRefund() (gas: 807272)
[PASS] test_Part5_rescueGoesToRescueRecipientNotUser() (gas: 698019)
[PASS] test_Part5_userHoldsNoPTokens_ordinaryWithdrawHasNoBacking() (gas: 661019)
Suite result: ok. 11 passed; 0 failed; 0 skipped; finished in 6.49ms (4.33ms CPU time)
Ran 4 tests for test/foundry/P24_PortalReleaseLeg.t.sol:PortalReleaseLeg
[PASS] test_P24a_unprivilegedReleaseWhilePaused() (gas: 13490240)
[PASS] test_P24b_releaseRacesRescue() (gas: 13495823)
[PASS] test_P25_blacklistNotRecheckedAtRelease() (gas: 13483959)
[PASS] test_P26_terminalStuckWithdrawal_noRecovery() (gas: 13643221)
Suite result: ok. 4 passed; 0 failed; 0 skipped; finished in 7.76ms (6.75ms CPU time)
Ran 10 tests for test/foundry/F6_PortalExitPaths.t.sol:PortalExitPaths
[PASS] test_F2_remountBricksRefund_thenKillStaleRecovers() (gas: 1840218)
[PASS] test_F3_remountLeavesCollateralOnOldPortal() (gas: 1846238)
[PASS] test_F6_adoptBindsMismatchedUnderlying() (gas: 4558653)
[PASS] test_P10_C1_entryPointsAreGated() (gas: 1463022)
[PASS] test_P10_C2_pTokenTransferBypassesBlacklist() (gas: 1839824)
[PASS] test_P10_C3_noClawbackExists() (gas: 1075891)
[PASS] test_P10_C4_settlementIgnoresBlacklist() (gas: 2158091)
[PASS] test_P13_cannotDistinguishFailedLegFromFailedBurn() (gas: 2621911)
[PASS] test_P1_adminRefundInterlockHoldsOnChain() (gas: 1575309)
[PASS] test_P7_underDeliveredRequestStrandsUntilKill() (gas: 1547233)
Suite result: ok. 10 passed; 0 failed; 0 skipped; finished in 8.40ms (6.47ms CPU time)
Ran 1 test for test/foundry/P2_ForgedRelease.t.sol:TrustModelP2ForgedRelease
[PASS] test_P2_singleKeyReleasesCollateralNeverBurned() (gas: 13473646)
Suite result: ok. 1 passed; 0 failed; 0 skipped; finished in 2.31ms (1.62ms CPU time)
Ran 4 tests for contracts/mocks/utils/mpc/OnBoard256TestsContract.sol:OnBoard256TestsContract
[FAIL: EvmError: Revert] testOnBoard128BitBoundary() (gas: 3096)
[FAIL: EvmError: Revert] testOnBoardEdgeCases() (gas: 3131)
[FAIL: EvmError: Revert; counterexample: calldata=0x2874b64900000000000000000000000000000000000000000000006c6b935b8bbd400000000000000000000000000000000000000000000000000000000000000000006000000000000000000000000000000000000000000000000000000000000493e0 args=[2000000000000000000000 [2e21], 96, 300000 [3e5]]] testOnBoardMultipleValues(uint256,uint256,uint256) (runs: 0, μ: 0, ~: 0)
[FAIL: EvmError: Revert; counterexample: calldata=0xd6e68d4e0000000000000000000000000000000000000000000000008ac7230489e80000 args=[10000000000000000000 [1e19]]] testOnBoardOffBoardRoundTrip(uint256) (runs: 0, μ: 0, ~: 0)
Suite result: FAILED. 0 passed; 4 failed; 0 skipped; finished in 19.63ms (19.50ms CPU time)
Ran 3 tests for contracts/mocks/utils/mpc/OnBoard128TestsContract.sol:OnBoard128TestsContract
[FAIL: EvmError: Revert] testOnBoardEdgeCases() (gas: 3095)
[FAIL: EvmError: Revert; counterexample: calldata=0xc2d5034200000000000000000000000000000000000000000005a46907aaf420ca19c60a0000000000000000000000000000000006e271aee194227454a0caddaa96b671000000000000000000000000000000000027346c1d7857ad315fa85327f2f800 args=[6821034661913833164621322 [6.821e24], 9151132832537067339709814496164230769 [9.151e36], 203562828544350128824438927274473472 [2.035e35]]] testOnBoardMultipleValues(uint128,uint128,uint128) (runs: 0, μ: 0, ~: 0)
[FAIL: EvmError: Revert; counterexample: calldata=0xc6e000530000000000000000000000000000000000000000000000000000000000000020 args=[32]] testOnBoardOffBoardRoundTrip(uint128) (runs: 0, μ: 0, ~: 0)
Suite result: FAILED. 0 passed; 3 failed; 0 skipped; finished in 20.84ms (20.74ms CPU time)
Ran 8 tests for test/foundry/P17_RemountMinterRotation.t.sol:PortalRemountMinterRotation
[PASS] test_Part1_break_refundRevertsOnlyMinterAfterRemount() (gas: 980647)
[PASS] test_Part1_control_refundSucceedsWhenNotRemounted() (gas: 635361)
[PASS] test_Part2_permissionlessRefundAfterTTLonRetiredPortal() (gas: 1119132)
[PASS] test_Part3_noInFlightViewExists() (gas: 649095)
[PASS] test_Part4_cancelFailedWithdrawalSurvivesRetirement() (gas: 1228250)
[PASS] test_Part4_holdingsRetained_and_rescueGoesToRescueRecipient() (gas: 998924)
[PASS] test_Part4_newActivityBlockedOnRetiredPortal() (gas: 481100)
[PASS] test_Part4_releaseSurvivesRetirement_andCallbackReturnsToOldPortal() (gas: 1637958)
Suite result: ok. 8 passed; 0 failed; 0 skipped; finished in 6.69ms (4.70ms CPU time)
Ran 5 tests for test/foundry/F7_PortalFeeLibBounds.prop.t.sol:PrivacyPortalFeeLibProp
[PASS] testFuzz_packRejectsInvalid(uint256,uint256,uint256) (runs: 256, μ: 5153, ~: 5123)
[PASS] testFuzz_packUnpackRoundTrip(uint96,uint32,uint128) (runs: 256, μ: 2811, ~: 2853)
[PASS] testFuzz_resolveWithinBounds(uint96,uint32,uint128,uint256,uint8,uint256,uint256) (runs: 256, μ: 3983, ~: 4009)
[PASS] testFuzz_roundingNeverOvercharges(uint32,uint256,uint256,uint256) (runs: 256, μ: 3004, ~: 3008)
[PASS] test_F7_dynamicPricingSilentlyClamps() (gas: 2849)
Suite result: ok. 5 passed; 0 failed; 0 skipped; finished in 22.90ms (62.37ms CPU time)
Ran 15 tests for test/foundry/P5_FeeQuoteVsEnforce.t.sol:PortalFeeQuoteVsEnforce
[PASS] test_P6_Part1_controlDynamicFeeIsCharged() (gas: 475800)
[PASS] test_P6_Part2_zeroCollateralPeg_dropsToFloor() (gas: 502825)
[PASS] test_P6_Part3_zeroNativePeg_dropsToFloor() (gas: 491569)
[PASS] test_P6_Part4_flagDiscardedOnChargePath() (gas: 504624)
[PASS] test_P6_Part5_wrapHasNoCallerFee() (gas: 720763)
[PASS] test_P6_Part7_noRecoveryOfTheShortfall() (gas: 713781)
[PASS] test_Part1_oracleUnsetAndOverride_alsoAgree() (gas: 549454)
[PASS] test_Part1_quoteIsAlwaysAcceptedWhenPricesHeldStill() (gas: 33158011)
[PASS] test_Part2_adverseMoveRevertsCorrectlyPaidDeposit() (gas: 557608)
[PASS] test_Part2_favourableMoveIsKeptNotRefunded() (gas: 487775)
[PASS] test_Part2_threshold_zeroTolerance() (gas: 351931)
[PASS] test_Part3_quotedFresh_includedStale_overpaysWholeDynamicComponent() (gas: 484382)
[PASS] test_Part3_quotedStale_includedFresh_reverts() (gas: 208130)
[PASS] test_Part4_inboxFloorIsUnboundedInBasefee() (gas: 108919)
[PASS] test_Part4_squeeze_noRobustChoiceWithoutOverpay() (gas: 923041)
Suite result: ok. 15 passed; 0 failed; 0 skipped; finished in 89.17ms (87.13ms CPU time)
Ran 7 tests for test/foundry/P7P9_DualTimerExit.t.sol:PortalDualTimerExit
[PASS] test_P7_A1_control_thirdPartyRefundAfterTTL() (gas: 812234)
[PASS] test_P7_A2_killForeclosesRefundPermanently() (gas: 710013)
[PASS] test_P7_A3_windowIsShippedDefault() (gas: 646735)
[PASS] test_P7_A4_adminRefundNeedsWholePortalPause() (gas: 677788)
[PASS] test_P7_A5_neverExecutedHasNoTtlRescue() (gas: 647025)
[PASS] test_P9_B1_motherCommitsDebitAndCredit_executed() (gas: 3031501)
[PASS] test_P9_B4_honestFailedCancelIsCorrect() (gas: 2336408)
Suite result: ok. 7 passed; 0 failed; 0 skipped; finished in 8.11ms (6.07ms CPU time)
Ran 5 tests for test/foundry/SystemFailedReachability.t.sol:PortalSystemFailedReachability
[PASS] test_Q2_committedButUnacked_burnStaysPending_finalizeReverts() (gas: 2009830)
[PASS] test_Q2_committedButUnacked_withdrawalStaysPending_cancelReverts() (gas: 2028397)
[PASS] test_Q3_stuckReservation_doesNotBlockLegitimateFutureBurn() (gas: 3739280)
[PASS] test_Q4_withoutKill_stuckTransferPending_noPermissionlessRecovery() (gas: 1644089)
[PASS] test_Q4_wrongfulCancel_reachableViaKill_notSystemFailed() (gas: 1643310)
Suite result: ok. 5 passed; 0 failed; 0 skipped; finished in 1.08s (21.85ms CPU time)
Ran 2 tests for test/foundry/P14_PortalRescueSolvency.invariant.t.sol:PortalRescueSolvencyInvariant
[FAIL: collateral leak via rescueERC20: balance + refunded + released != received: 378889196181418180412598 != 1063506420469259811032140]
[PASS] test_rescueERC20BreaksSolvency() (gas: 554396)
Suite result: FAILED. 1 passed; 1 failed; 0 skipped; finished in 1.96s (1.95s CPU time)
Ran 6 tests for test/foundry/PortalAccounting.invariant.t.sol:PortalAccountingInvariant
[FAIL: P14: fees silently rewritten down: 1950800705369006 < 3000000000000000]
[PASS] invariant_burnLedgerConsistent() (runs: 32, calls: 2048, reverts: 7)
[PASS] invariant_burnReservationBounded() (runs: 32, calls: 2048, reverts: 4)
[PASS] invariant_solvencyAcrossExits() (runs: 32, calls: 2048, reverts: 2)
[PASS] test_P14_rescueSilentlyClampsFees() (gas: 561819)
[PASS] test_harnessNonVacuous() (gas: 2948192)
Suite result: FAILED. 5 passed; 1 failed; 0 skipped; finished in 2.33s (4.46s CPU time)
Ran 15 test suites in 2.37s (5.57s CPU time): 77 tests passed, 9 failed, 0 skipped (86 total tests)
Encountered 3 failing tests in contracts/mocks/utils/mpc/OnBoard128TestsContract.sol:OnBoard128TestsContract
[FAIL: EvmError: Revert] testOnBoardEdgeCases() (gas: 3095)
[FAIL: EvmError: Revert; counterexample: calldata=0xc2d5034200000000000000000000000000000000000000000005a46907aaf420ca19c60a0000000000000000000000000000000006e271aee194227454a0caddaa96b671000000000000000000000000000000000027346c1d7857ad315fa85327f2f800 args=[6821034661913833164621322 [6.821e24], 9151132832537067339709814496164230769 [9.151e36], 203562828544350128824438927274473472 [2.035e35]]] testOnBoardMultipleValues(uint128,uint128,uint128) (runs: 0, μ: 0, ~: 0)
[FAIL: EvmError: Revert; counterexample: calldata=0xc6e000530000000000000000000000000000000000000000000000000000000000000020 args=[32]] testOnBoardOffBoardRoundTrip(uint128) (runs: 0, μ: 0, ~: 0)
Encountered 4 failing tests in contracts/mocks/utils/mpc/OnBoard256TestsContract.sol:OnBoard256TestsContract
[FAIL: EvmError: Revert] testOnBoard128BitBoundary() (gas: 3096)
[FAIL: EvmError: Revert] testOnBoardEdgeCases() (gas: 3131)
[FAIL: EvmError: Revert; counterexample: calldata=0x2874b64900000000000000000000000000000000000000000000006c6b935b8bbd400000000000000000000000000000000000000000000000000000000000000000006000000000000000000000000000000000000000000000000000000000000493e0 args=[2000000000000000000000 [2e21], 96, 300000 [3e5]]] testOnBoardMultipleValues(uint256,uint256,uint256) (runs: 0, μ: 0, ~: 0)
[FAIL: EvmError: Revert; counterexample: calldata=0xd6e68d4e0000000000000000000000000000000000000000000000008ac7230489e80000 args=[10000000000000000000 [1e19]]] testOnBoardOffBoardRoundTrip(uint256) (runs: 0, μ: 0, ~: 0)
Encountered 1 failing test in test/foundry/P14_PortalRescueSolvency.invariant.t.sol:PortalRescueSolvencyInvariant
[FAIL: collateral leak via rescueERC20: balance + refunded + released != received: 378889196181418180412598 != 1063506420469259811032140]
Encountered 1 failing test in test/foundry/PortalAccounting.invariant.t.sol:PortalAccountingInvariant
[FAIL: P14: fees silently rewritten down: 1950800705369006 < 3000000000000000]
Encountered a total of 9 failing tests, 77 tests succeeded
