Ran 2 tests for test/foundry/A1_CodelessTargetSilentSuccess.t.sol:TargetA1CodelessTargetSilentSuccess
[PASS] test_A1_codelessTarget_isSilentSuccess_and_unterminalizable() (gas: 377806)
[PASS] test_A1_control_revertingTarget_isFailure_and_recoverable() (gas: 562836)
Suite result: ok. 2 passed; 0 failed; 0 skipped; finished in 4.10ms (1.20ms CPU time)
Ran 5 tests for test/foundry/NonceContiguityReal.t.sol:NonceContiguityReal
[PASS] test_failingRegistration_stillAdvancesStream() (gas: 674914)
[PASS] test_gapInBatch_reverts() (gas: 299153)
[PASS] test_mintBeforeRegistration_reverts() (gas: 44982)
[PASS] test_perSourceChain_independentStreams() (gas: 572068)
[PASS] test_registrationThenMint_oneStream_differentSenders() (gas: 528804)
Suite result: ok. 5 passed; 0 failed; 0 skipped; finished in 2.47ms (1.41ms CPU time)
Ran 3 tests for test/foundry/P6_OracleFailClosed_ScopeA.t.sol:Target_P6_OracleFailClosed
[PASS] test_P6_setPriceOracle_itselfRejectsZeroReadingOracle() (gas: 37515)
[PASS] test_P6_staleFeedZeroPrice_reverts_OraclePriceZero_onSend() (gas: 40906)
[PASS] test_P6_zeroOracleAddress_reverts_OracleNotConfigured() (gas: 10917)
Suite result: ok. 3 passed; 0 failed; 0 skipped; finished in 317.49µs (86.44µs CPU time)
Ran 5 tests for test/foundry/A2_TwoWayTripleNotCrossValidated.t.sol:TargetA2TwoWayTripleNotCrossValidated
[PASS] test_A2_case1_zeroCallbackSelector_recovers() (gas: 927540)
[PASS] test_A2_case2_zeroCallerFee_destVisible_sourceSilent() (gas: 392612)
[PASS] test_A2_case3_zeroErrorSelector_silentOnBothChains() (gas: 425516)
[PASS] test_A2_case4_control_validTriple_succeeds() (gas: 685633)
[PASS] test_A2_sendPath_rejectsAllThreeMalformedFields() (gas: 69699)
Suite result: ok. 5 passed; 0 failed; 0 skipped; finished in 2.53ms (1.42ms CPU time)
Ran 2 tests for test/foundry/A3_RejectLaneCensorship.t.sol:TrustModelA3RejectLaneCensorship
[PASS] test_A3_censoringReject_isByteIdenticalTo_legitimateReject() (gas: 1650621)
[PASS] test_A3_rejectLane_censorsWithMinerChosenReason_consumesNonce_looksLegit() (gas: 1146587)
Suite result: ok. 2 passed; 0 failed; 0 skipped; finished in 1.92ms (937.21µs CPU time)
Ran 5 tests for test/foundry/EstimateGasBalanceOracle.t.sol:EstimateBalanceOracle
[PASS] test_costQuestion_staticcallFailsButCallWorks() (gas: 1058082772)
[PASS] test_point1_nonMinerReachesHandler() (gas: 1196805)
[PASS] test_point2_bitDistinguishesSuccessFromFailure() (gas: 2201184)
[PASS] test_point3_binarySearchRecoversSecret() (gas: 21059725)
[PASS] test_point4_noFootprint() (gas: 5607849)
Suite result: ok. 5 passed; 0 failed; 0 skipped; finished in 21.86ms (14.09ms CPU time)
Ran 9 tests for test/foundry/F10_FeeRoundTrip.t.sol:Target_F10_FeeRoundTrip
[PASS] testFuzz_F10_driftBoundedByRatio(uint256,uint16,uint16) (runs: 256, μ: 1976, ~: 1973)
[PASS] testFuzz_F10_identityWhenRatioIsOne(uint256,uint16) (runs: 256, μ: 1428, ~: 1320)
[PASS] testFuzz_F10_live_13to1_driftNeverExceeds12(uint256) (runs: 256, μ: 1829, ~: 1922)
[PASS] testFuzz_F10_singleDirection_protocolFavoured(uint256,uint16,uint16) (runs: 256, μ: 1541, ~: 1638)
[PASS] test_F10_live_absoluteDriftBound_perRatio() (gas: 66987)
[PASS] test_F10_live_directionProtocolFavouring() (gas: 27877)
[PASS] test_F10_live_oneTenthIsExact() (gas: 5689)
[PASS] test_F10_live_relativeDriftAt500k() (gas: 2032)
[PASS] test_F10_smallRequestAmplification_worstCase() (gas: 6595)
Suite result: ok. 9 passed; 0 failed; 0 skipped; finished in 14.89ms (21.79ms CPU time)
Ran 9 tests for test/foundry/C17_TwoWayCallbackSize.t.sol:TargetC17TwoWayCallbackSize
[PASS] testFuzz_C17_thresholdIsBufferTimesGasPerByte(uint256,uint256) (runs: 256, μ: 4100, ~: 4053)
[PASS] test_C17_boundedByByteDifference_oneByteIsEnough() (gas: 3764)
[PASS] test_C17_honestQuoteReverts_whenRequestLargerThanCallback() (gas: 83874)
[PASS] test_C17_symmetricCallbackSize_accepted() (gas: 474676)
[PASS] test_C17corr_maxSize_callbackMinExceedsExecCap() (gas: 742)
[PASS] test_C17corr_part1_formulaCoefficientIs1200() (gas: 78185)
[PASS] test_C17corr_part2_measuredCoefficient() (gas: 8451430)
[PASS] test_C17corr_part3_workedExample_1KB_100ack() (gas: 103768)
[PASS] test_C17corr_part4_constantFeeLocal_accepted() (gas: 435389)
Suite result: ok. 9 passed; 0 failed; 0 skipped; finished in 32.01ms (30.82ms CPU time)
Ran 4 tests for test/foundry/B11_TryDecodeWrap.t.sol:Target_B11_TryDecode
[PASS] testFuzz_containment_wellFormed(uint16) (runs: 256, μ: 69626, ~: 18621)
[PASS] testFuzz_noSiblingWrap(uint256) (runs: 256, μ: 17101, ~: 17098)
[PASS] test_B11_wrap_boundary() (gas: 17086)
[PASS] test_B11_wrap_reproduced() (gas: 17209)
Suite result: ok. 4 passed; 0 failed; 0 skipped; finished in 58.23ms (72.62ms CPU time)
Ran 1 test for test/foundry/B1_InboxErrorTypeMisclass.t.sol:TargetB1InboxErrorTypeMisclass
[PASS] test_B1_threeLegContrast_successIndistinguishableFromRaise() (gas: 840389)
Suite result: ok. 1 passed; 0 failed; 0 skipped; finished in 1.67ms (495.37µs CPU time)
Ran 6 tests for test/foundry/PBT_FeeQuote.t.sol:PBT_FeeQuote
[PASS] testFuzz_expectedMinFee_constantBranch(uint256,uint32) (runs: 256, μ: 7635, ~: 7512)
[PASS] testFuzz_expectedMinFee_monotonic(uint256,uint256) (runs: 256, μ: 10122, ~: 10113)
[PASS] testFuzz_expectedMinFee_regroupingOracle(uint256,uint32,uint32,uint32,uint32) (runs: 256, μ: 9022, ~: 8960)
[PASS] testFuzz_quoter_monotonic_in_gasPrice(uint256,uint256,uint256,uint256) (runs: 256, μ: 17842, ~: 17954)
[PASS] testFuzz_quoter_neverUndercharges_constantMode(uint256,uint256,uint256,uint256,uint256,uint16,uint16,uint16,uint16,uint256,uint256) (runs: 256, μ: 13289, ~: 13477)
[PASS] testFuzz_stub_matches_quoter(uint256,uint256,uint256,uint256,uint256) (runs: 256, μ: 39928, ~: 40099)
Suite result: ok. 6 passed; 0 failed; 0 skipped; finished in 125.76ms (217.27ms CPU time)
Ran 4 tests for test/foundry/C11_UnclampedQuoteGasPrice.t.sol:TargetC11UnclampedQuoteGasPrice
[PASS] testFuzz_C11_thresholdIsQuoteVsReference(uint256,uint256) (runs: 256, μ: 299912, ~: 391719)
[PASS] test_C11_Q1_lowGasPriceBelowFloor_reverts_4x() (gas: 75072)
[PASS] test_C11_Q3_basefeeRoseAfterQuote_reverts() (gas: 74550)
[PASS] test_C11_control_quoteAtReference_accepted() (gas: 391484)
Suite result: ok. 4 passed; 0 failed; 0 skipped; finished in 136.33ms (134.12ms CPU time)
Ran 5 tests for test/foundry/D11D2_OracleFreshness.t.sol:TargetD11D2OracleFreshness
[PASS] test_D11_part1_priceUpdatedAt_tracksPolling_notPriceAge() (gas: 2169686)
[PASS] test_D11_part2_lastFetchTimestamp_advancesOnTotalFailure() (gas: 1973292)
[PASS] test_D11_part3_refusedRefresh_retainsSamePrice() (gas: 1955818)
[PASS] test_D11_part4_wideningMaxStalenessDoublesOverstatement() (gas: 2269432)
[PASS] test_D11_part5_bootstrapZero_thenSteadyStateNonZero() (gas: 2007862)
Suite result: ok. 5 passed; 0 failed; 0 skipped; finished in 7.07ms (6.86ms CPU time)
Ran 5 tests for test/foundry/D12_PriceDeviationImpact.t.sol:TargetD12PriceDeviationImpact
[PASS] test_D12_task1_localPriceOppositeDirection() (gas: 756211)
[PASS] test_D12_task1_remotePriceDeviationBands() (gas: 5553094)
[PASS] test_D12_task2_thresholdFormula_andBufferDependence() (gas: 1279937)
[PASS] test_D12_task3_priceMoveProducesSameRevertAsC11() (gas: 108221)
[PASS] test_D12_task4_divergentPriceRoundTripCost() (gas: 94537)
Suite result: ok. 5 passed; 0 failed; 0 skipped; finished in 16.78ms (15.81ms CPU time)
Ran 2 tests for test/foundry/E3_MinerAuthoritySurface.t.sol:TrustModelE3MinerAuthoritySurface
[PASS] test_E3_noThreshold_eachKeyIsIndependentlyFull() (gas: 592044)
[PASS] test_E3_oneKeyIsTheWholeAuthoritySurface() (gas: 1153489)
Suite result: ok. 2 passed; 0 failed; 0 skipped; finished in 1.64ms (784.25µs CPU time)
Ran 8 tests for test/foundry/PBT_RequestId.t.sol:PBT_RequestId
[PASS] testFuzz_pack_matches_packedEncoding(uint256,uint256,uint256) (runs: 256, μ: 8637, ~: 8566)
[PASS] testFuzz_pack_of_unpack_roundtrips(bytes32) (runs: 256, μ: 8077, ~: 8077)
[PASS] testFuzz_pack_reverts_when_nonce_too_large(uint256,uint256,uint256) (runs: 256, μ: 11189, ~: 10972)
[PASS] testFuzz_pack_reverts_when_source_too_large(uint256,uint256,uint256) (runs: 256, μ: 11045, ~: 10945)
[PASS] testFuzz_pack_reverts_when_target_too_large(uint256,uint256,uint256) (runs: 256, μ: 10733, ~: 10663)
[PASS] testFuzz_unpack_matches_divmodOracle(bytes32) (runs: 256, μ: 6606, ~: 6606)
[PASS] testFuzz_unpack_of_pack_roundtrips(uint256,uint256,uint256) (runs: 256, μ: 9522, ~: 9383)
[PASS] test_pack_edges() (gas: 9679)
Suite result: ok. 8 passed; 0 failed; 0 skipped; finished in 4.03s (4.05s CPU time)
Ran 6 tests for test/foundry/InboxInvariantsExt.t.sol:InboxInvariantsExt
[PASS] invariant_A6_onlyOwnerAdminWrites_inclScalars() (runs: 32, calls: 2048, reverts: 0)
[PASS] invariant_N2_outboundNonce_inclTwoWay() (runs: 32, calls: 2048, reverts: 0)
[PASS] invariant_N5_ingestContiguity_inclRetry() (runs: 32, calls: 2048, reverts: 0)
[PASS] invariant_N6_incomingMonotone() (runs: 32, calls: 2048, reverts: 0)
[PASS] invariant_X1_contextClearsAfterRetry() (runs: 32, calls: 2048, reverts: 0)
[PASS] invariant_X2_contextMatchesDuringExec() (runs: 32, calls: 2048, reverts: 0)
Suite result: ok. 6 passed; 0 failed; 0 skipped; finished in 5.29s (8.95s CPU time)
Ran 2 tests for test/foundry/GasFidelity.t.sol:GasFidelity
[PASS] test_grantVsBudget_shape() (gas: 132090467)
[PASS] test_reachabilitySweep_24M() (gas: 145759212)
Suite result: ok. 2 passed; 0 failed; 0 skipped; finished in 5.81s (1.01s CPU time)
Ran 14 tests for test/foundry/PBT_MpcReEncodeOracle.t.sol:PBT_MpcReEncodeOracle
[PASS] testFuzz_oracle_address(bytes4,address) (runs: 256, μ: 29174, ~: 29174)
[PASS] testFuzz_oracle_addressArray(bytes4,address[]) (runs: 256, μ: 1186024, ~: 1191145)
[PASS] testFuzz_oracle_bytes(bytes4,bytes) (runs: 256, μ: 54862, ~: 49586)
[PASS] testFuzz_oracle_bytes32(bytes4,bytes32) (runs: 256, μ: 29551, ~: 29551)
[PASS] testFuzz_oracle_bytes32Array(bytes4,bytes32[]) (runs: 256, μ: 1171001, ~: 1181806)
[PASS] testFuzz_oracle_bytesArray(bytes4,bytes[]) (runs: 256, μ: 4488576, ~: 4537753)
[PASS] testFuzz_oracle_mixed_two_dynamic(bytes4,bytes,uint256[]) (runs: 256, μ: 1247960, ~: 1193476)
[PASS] testFuzz_oracle_mixed_uint_string_addr(bytes4,uint256,string,address) (runs: 256, μ: 81198, ~: 76903)
[PASS] testFuzz_oracle_string(bytes4,string) (runs: 256, μ: 53574, ~: 49486)
[PASS] testFuzz_oracle_stringArray(bytes4,string[]) (runs: 256, μ: 4165248, ~: 4121085)
[PASS] testFuzz_oracle_uint256(bytes4,uint256) (runs: 256, μ: 29079, ~: 29079)
[PASS] testFuzz_oracle_uint256Array(bytes4,uint256[]) (runs: 256, μ: 1224355, ~: 1213769)
[PASS] test_oracle_empty_string_bytes_array() (gas: 105812)
[PASS] test_oracle_zero_args() (gas: 15608)
Suite result: ok. 14 passed; 0 failed; 0 skipped; finished in 7.85s (22.03s CPU time)
Ran 11 tests for test/foundry/InboxInvariants.t.sol:InboxInvariants
[PASS] invariant_A5_noNonOwnerDrain() (runs: 32, calls: 2048, reverts: 0)
[PASS] invariant_A6_onlyPermittedAdminWrites() (runs: 32, calls: 2048, reverts: 0)
[PASS] invariant_A7_initIsOneWay() (runs: 32, calls: 2048, reverts: 0)
[PASS] invariant_N2_outboundNonceNoReuse() (runs: 32, calls: 2048, reverts: 0)
[PASS] invariant_N5_ingestContiguity() (runs: 32, calls: 2048, reverts: 0)
[PASS] invariant_N6_incomingNonceMonotone() (runs: 32, calls: 2048, reverts: 0)
[PASS] invariant_N7_noCrossSourceIngest() (runs: 32, calls: 2048, reverts: 0)
[PASS] invariant_X1_contextZeroBetweenCalls() (runs: 32, calls: 2048, reverts: 0)
[PASS] invariant_X2_contextMatchesDuringExec() (runs: 32, calls: 2048, reverts: 0)
[PASS] invariant_X4_estimateAlwaysReverts() (runs: 32, calls: 2048, reverts: 0)
[PASS] test_nonVacuity_directDrive() (gas: 2545855)
Suite result: ok. 11 passed; 0 failed; 0 skipped; finished in 8.08s (12.93s CPU time)
Ran 20 test suites in 8.15s (31.48s CPU time): 108 tests passed, 0 failed, 0 skipped (108 total tests)
